Olia@kot MINGW64 /d/Ольга/Тестирование/group_29_free/Git_test
$ git clone https://github.com/Olga-Igorevna/JSON.git
Cloning into 'JSON'...
remote: Enumerating objects: 3, done.
remote: Counting objects: 100% (3/3), done.
remote: Total 3 (delta 0), reused 0 (delta 0), pack-reused 0
Receiving objects: 100% (3/3), done.

Olia@kot MINGW64 /d/Ольга/Тестирование/group_29_free/Git_test
$ cd JSON

Olia@kot MINGW64 /d/Ольга/Тестирование/group_29_free/Git_test/JSON (main)
$ touch new.json

Olia@kot MINGW64 /d/Ольга/Тестирование/group_29_free/Git_test/JSON (main)
$ ls -la
total 5
drwxr-xr-x 1 Olia 197121 0 May  8 13:49 ./
drwxr-xr-x 1 Olia 197121 0 May  8 13:48 ../
drwxr-xr-x 1 Olia 197121 0 May  8 13:48 .git/
-rw-r--r-- 1 Olia 197121 6 May  8 13:48 README.md
-rw-r--r-- 1 Olia 197121 0 May  8 13:49 new.json

Olia@kot MINGW64 /d/Ольга/Тестирование/group_29_free/Git_test/JSON (main)
$ git status
On branch main
Your branch is up to date with 'origin/main'.

Untracked files:
  (use "git add <file>..." to include in what will be committed)
        new.json

nothing added to commit but untracked files present (use "git add" to track)

Olia@kot MINGW64 /d/Ольга/Тестирование/group_29_free/Git_test/JSON (main)
$ git add new.json

Olia@kot MINGW64 /d/Ольга/Тестирование/group_29_free/Git_test/JSON (main)
$ git commit
[main e38d98a] create new.json
 1 file changed, 0 insertions(+), 0 deletions(-)
 create mode 100644 new.json

Olia@kot MINGW64 /d/Ольга/Тестирование/group_29_free/Git_test/JSON (main)
$ git push
Enumerating objects: 4, done.
Counting objects: 100% (4/4), done.
Delta compression using up to 4 threads
Compressing objects: 100% (2/2), done.
Writing objects: 100% (3/3), 286 bytes | 286.00 KiB/s, done.
Total 3 (delta 0), reused 0 (delta 0), pack-reused 0
To https://github.com/Olga-Igorevna/JSON.git
   7ba89f2..e38d98a  main -> main

Olia@kot MINGW64 /d/Ольга/Тестирование/group_29_free/Git_test/JSON (main)
$ vim new.json

Olia@kot MINGW64 /d/Ольга/Тестирование/group_29_free/Git_test/JSON (main)
$ git status
On branch main
Your branch is up to date with 'origin/main'.

Changes not staged for commit:
  (use "git add <file>..." to update what will be committed)
  (use "git restore <file>..." to discard changes in working directory)
        modified:   new.json

no changes added to commit (use "git add" and/or "git commit -a")

Olia@kot MINGW64 /d/Ольга/Тестирование/group_29_free/Git_test/JSON (main)
$ git commit -am "add some information"
warning: LF will be replaced by CRLF in new.json.
The file will have its original line endings in your working directory
[main 6b390fa] add some information
 1 file changed, 6 insertions(+)

Olia@kot MINGW64 /d/Ольга/Тестирование/group_29_free/Git_test/JSON (main)
$ git push
Enumerating objects: 5, done.
Counting objects: 100% (5/5), done.
Delta compression using up to 4 threads
Compressing objects: 100% (3/3), done.
Writing objects: 100% (3/3), 367 bytes | 367.00 KiB/s, done.
Total 3 (delta 0), reused 0 (delta 0), pack-reused 0
To https://github.com/Olga-Igorevna/JSON.git
   e38d98a..6b390fa  main -> main

Olia@kot MINGW64 /d/Ольга/Тестирование/group_29_free/Git_test/JSON (main)
$ touch preferences.json

Olia@kot MINGW64 /d/Ольга/Тестирование/group_29_free/Git_test/JSON (main)
$ vim preferences.json

Olia@kot MINGW64 /d/Ольга/Тестирование/group_29_free/Git_test/JSON (main)
$ touch skills.json

Olia@kot MINGW64 /d/Ольга/Тестирование/group_29_free/Git_test/JSON (main)
$ vim skills.json

Olia@kot MINGW64 /d/Ольга/Тестирование/group_29_free/Git_test/JSON (main)
$ git add .
warning: LF will be replaced by CRLF in preferences.json.
The file will have its original line endings in your working directory
warning: LF will be replaced by CRLF in skills.json.
The file will have its original line endings in your working directory

Olia@kot MINGW64 /d/Ольга/Тестирование/group_29_free/Git_test/JSON (main)
$ git commit -m "create"
[main d8095b8] create
 2 files changed, 37 insertions(+)
 create mode 100644 preferences.json
 create mode 100644 skills.json

Olia@kot MINGW64 /d/Ольга/Тестирование/group_29_free/Git_test/JSON (main)
$ git push
Enumerating objects: 5, done.
Counting objects: 100% (5/5), done.
Delta compression using up to 4 threads
Compressing objects: 100% (4/4), done.
Writing objects: 100% (4/4), 1.27 KiB | 1.27 MiB/s, done.
Total 4 (delta 0), reused 0 (delta 0), pack-reused 0
To https://github.com/Olga-Igorevna/JSON.git
   6b390fa..d8095b8  main -> main

Olia@kot MINGW64 /d/Ольга/Тестирование/group_29_free/Git_test/JSON (main)
$ git fetch
remote: Enumerating objects: 7, done.
remote: Counting objects: 100% (7/7), done.
remote: Compressing objects: 100% (5/5), done.
remote: Total 6 (delta 2), reused 0 (delta 0), pack-reused 0
Unpacking objects: 100% (6/6), 1.79 KiB | 91.00 KiB/s, done.
From https://github.com/Olga-Igorevna/JSON
   d8095b8..61dad35  main       -> origin/main

Olia@kot MINGW64 /d/Ольга/Тестирование/group_29_free/Git_test/JSON (main)
$ git pull
Updating d8095b8..61dad35
Fast-forward
 bug_report.json | 25 +++++++++++++++++++++++++
 1 file changed, 25 insertions(+)
 create mode 100644 bug_report.json

Olia@kot MINGW64 /d/Ольга/Тестирование/group_29_free/Git_test/JSON (main)
$
